Another test from upload!
Test from public
